[0.177s] Invoking command in '/home/sivuiii/whoami/build/ugv_safety': CMAKE_PREFIX_PATH=${CMAKE_PREFIX_PATH}:/opt/ros/jazzy /usr/bin/cmake /home/sivuiii/whoami/src/ugv_safety -DCMAKE_INSTALL_PREFIX=/home/sivuiii/whoami/install/ugv_safety
[1.447s] -- The C compiler identification is GNU 13.3.0
[6.210s] -- The CXX compiler identification is GNU 13.3.0
[10.992s] -- Detecting C compiler ABI info
[12.646s] -- Detecting C compiler ABI info - done
[12.685s] -- Check for working C compiler: /usr/bin/cc - skipped
[12.689s] -- Detecting C compile features
[12.692s] -- Detecting C compile features - done
[13.428s] -- Detecting CXX compiler ABI info
[15.332s] -- Detecting CXX compiler ABI info - done
[15.377s] -- Check for working CXX compiler: /usr/bin/c++ - skipped
[15.379s] -- Detecting CXX compile features
[15.382s] -- Detecting CXX compile features - done
[15.393s] -- Found ament_cmake: 2.5.6 (/opt/ros/jazzy/share/ament_cmake/cmake)
[16.028s] -- Found Python3: /usr/bin/python3 (found version "3.12.3") found components: Interpreter 
[16.522s] -- Found ament_lint_auto: 0.17.5 (/opt/ros/jazzy/share/ament_lint_auto/cmake)
[16.999s] -- Added test 'lint_cmake' to check CMake code style
[17.012s] -- Added test 'xmllint' to check XML markup files
[17.018s] -- Configuring done (16.8s)
[17.052s] -- Generating done (0.0s)
[17.064s] -- Build files have been written to: /home/sivuiii/whoami/build/ugv_safety
[17.088s] Invoked command in '/home/sivuiii/whoami/build/ugv_safety' returned '0': CMAKE_PREFIX_PATH=${CMAKE_PREFIX_PATH}:/opt/ros/jazzy /usr/bin/cmake /home/sivuiii/whoami/src/ugv_safety -DCMAKE_INSTALL_PREFIX=/home/sivuiii/whoami/install/ugv_safety
[17.092s] Invoking command in '/home/sivuiii/whoami/build/ugv_safety': CMAKE_PREFIX_PATH=${CMAKE_PREFIX_PATH}:/opt/ros/jazzy /usr/bin/cmake --build /home/sivuiii/whoami/build/ugv_safety -- -j16 -l16
[17.259s] Invoked command in '/home/sivuiii/whoami/build/ugv_safety' returned '0': CMAKE_PREFIX_PATH=${CMAKE_PREFIX_PATH}:/opt/ros/jazzy /usr/bin/cmake --build /home/sivuiii/whoami/build/ugv_safety -- -j16 -l16
[17.264s] Invoking command in '/home/sivuiii/whoami/build/ugv_safety': CMAKE_PREFIX_PATH=${CMAKE_PREFIX_PATH}:/opt/ros/jazzy /usr/bin/cmake --install /home/sivuiii/whoami/build/ugv_safety
[17.296s] -- Install configuration: ""
[17.304s] -- Installing: /home/sivuiii/whoami/install/ugv_safety/share/ament_index/resource_index/package_run_dependencies/ugv_safety
[17.309s] -- Installing: /home/sivuiii/whoami/install/ugv_safety/share/ament_index/resource_index/parent_prefix_path/ugv_safety
[17.315s] -- Installing: /home/sivuiii/whoami/install/ugv_safety/share/ugv_safety/environment/ament_prefix_path.sh
[17.317s] -- Installing: /home/sivuiii/whoami/install/ugv_safety/share/ugv_safety/environment/ament_prefix_path.dsv
[17.318s] -- Installing: /home/sivuiii/whoami/install/ugv_safety/share/ugv_safety/environment/path.sh
[17.319s] -- Installing: /home/sivuiii/whoami/install/ugv_safety/share/ugv_safety/environment/path.dsv
[17.321s] -- Installing: /home/sivuiii/whoami/install/ugv_safety/share/ugv_safety/local_setup.bash
[17.322s] -- Installing: /home/sivuiii/whoami/install/ugv_safety/share/ugv_safety/local_setup.sh
[17.322s] -- Installing: /home/sivuiii/whoami/install/ugv_safety/share/ugv_safety/local_setup.zsh
[17.323s] -- Installing: /home/sivuiii/whoami/install/ugv_safety/share/ugv_safety/local_setup.dsv
[17.325s] -- Installing: /home/sivuiii/whoami/install/ugv_safety/share/ugv_safety/package.dsv
[17.326s] -- Installing: /home/sivuiii/whoami/install/ugv_safety/share/ament_index/resource_index/packages/ugv_safety
[17.327s] -- Installing: /home/sivuiii/whoami/install/ugv_safety/share/ugv_safety/cmake/ugv_safetyConfig.cmake
[17.329s] -- Installing: /home/sivuiii/whoami/install/ugv_safety/share/ugv_safety/cmake/ugv_safetyConfig-version.cmake
[17.330s] -- Installing: /home/sivuiii/whoami/install/ugv_safety/share/ugv_safety/package.xml
[17.421s] Invoked command in '/home/sivuiii/whoami/build/ugv_safety' returned '0': CMAKE_PREFIX_PATH=${CMAKE_PREFIX_PATH}:/opt/ros/jazzy /usr/bin/cmake --install /home/sivuiii/whoami/build/ugv_safety
