[0.129s] Invoking command in '/home/sivuiii/whoami/build/ugv_localization': CMAKE_PREFIX_PATH=${CMAKE_PREFIX_PATH}:/opt/ros/jazzy /usr/bin/cmake /home/sivuiii/whoami/src/ugv_localization -DCMAKE_INSTALL_PREFIX=/home/sivuiii/whoami/install/ugv_localization
[1.502s] -- The C compiler identification is GNU 13.3.0
[7.448s] -- The CXX compiler identification is GNU 13.3.0
[12.335s] -- Detecting C compiler ABI info
[14.239s] -- Detecting C compiler ABI info - done
[14.282s] -- Check for working C compiler: /usr/bin/cc - skipped
[14.283s] -- Detecting C compile features
[14.285s] -- Detecting C compile features - done
[14.992s] -- Detecting CXX compiler ABI info
[17.276s] -- Detecting CXX compiler ABI info - done
[17.322s] -- Check for working CXX compiler: /usr/bin/c++ - skipped
[17.326s] -- Detecting CXX compile features
[17.327s] -- Detecting CXX compile features - done
[17.337s] -- Found ament_cmake: 2.5.6 (/opt/ros/jazzy/share/ament_cmake/cmake)
[17.829s] -- Found Python3: /usr/bin/python3 (found version "3.12.3") found components: Interpreter 
[18.175s] -- Found ament_lint_auto: 0.17.5 (/opt/ros/jazzy/share/ament_lint_auto/cmake)
[18.542s] -- Added test 'lint_cmake' to check CMake code style
[18.549s] -- Added test 'xmllint' to check XML markup files
[18.557s] -- Configuring done (18.3s)
[18.589s] -- Generating done (0.0s)
[18.599s] -- Build files have been written to: /home/sivuiii/whoami/build/ugv_localization
[18.630s] Invoked command in '/home/sivuiii/whoami/build/ugv_localization' returned '0': CMAKE_PREFIX_PATH=${CMAKE_PREFIX_PATH}:/opt/ros/jazzy /usr/bin/cmake /home/sivuiii/whoami/src/ugv_localization -DCMAKE_INSTALL_PREFIX=/home/sivuiii/whoami/install/ugv_localization
[18.635s] Invoking command in '/home/sivuiii/whoami/build/ugv_localization': CMAKE_PREFIX_PATH=${CMAKE_PREFIX_PATH}:/opt/ros/jazzy /usr/bin/cmake --build /home/sivuiii/whoami/build/ugv_localization -- -j16 -l16
[18.764s] Invoked command in '/home/sivuiii/whoami/build/ugv_localization' returned '0': CMAKE_PREFIX_PATH=${CMAKE_PREFIX_PATH}:/opt/ros/jazzy /usr/bin/cmake --build /home/sivuiii/whoami/build/ugv_localization -- -j16 -l16
[18.768s] Invoking command in '/home/sivuiii/whoami/build/ugv_localization': CMAKE_PREFIX_PATH=${CMAKE_PREFIX_PATH}:/opt/ros/jazzy /usr/bin/cmake --install /home/sivuiii/whoami/build/ugv_localization
[18.795s] -- Install configuration: ""
[18.803s] -- Installing: /home/sivuiii/whoami/install/ugv_localization/share/ament_index/resource_index/package_run_dependencies/ugv_localization
[18.806s] -- Installing: /home/sivuiii/whoami/install/ugv_localization/share/ament_index/resource_index/parent_prefix_path/ugv_localization
[18.810s] -- Installing: /home/sivuiii/whoami/install/ugv_localization/share/ugv_localization/environment/ament_prefix_path.sh
[18.811s] -- Installing: /home/sivuiii/whoami/install/ugv_localization/share/ugv_localization/environment/ament_prefix_path.dsv
[18.812s] -- Installing: /home/sivuiii/whoami/install/ugv_localization/share/ugv_localization/environment/path.sh
[18.813s] -- Installing: /home/sivuiii/whoami/install/ugv_localization/share/ugv_localization/environment/path.dsv
[18.814s] -- Installing: /home/sivuiii/whoami/install/ugv_localization/share/ugv_localization/local_setup.bash
[18.815s] -- Installing: /home/sivuiii/whoami/install/ugv_localization/share/ugv_localization/local_setup.sh
[18.815s] -- Installing: /home/sivuiii/whoami/install/ugv_localization/share/ugv_localization/local_setup.zsh
[18.815s] -- Installing: /home/sivuiii/whoami/install/ugv_localization/share/ugv_localization/local_setup.dsv
[18.816s] -- Installing: /home/sivuiii/whoami/install/ugv_localization/share/ugv_localization/package.dsv
[18.819s] -- Installing: /home/sivuiii/whoami/install/ugv_localization/share/ament_index/resource_index/packages/ugv_localization
[18.821s] -- Installing: /home/sivuiii/whoami/install/ugv_localization/share/ugv_localization/cmake/ugv_localizationConfig.cmake
[18.822s] -- Installing: /home/sivuiii/whoami/install/ugv_localization/share/ugv_localization/cmake/ugv_localizationConfig-version.cmake
[18.822s] -- Installing: /home/sivuiii/whoami/install/ugv_localization/share/ugv_localization/package.xml
[18.832s] Invoked command in '/home/sivuiii/whoami/build/ugv_localization' returned '0': CMAKE_PREFIX_PATH=${CMAKE_PREFIX_PATH}:/opt/ros/jazzy /usr/bin/cmake --install /home/sivuiii/whoami/build/ugv_localization
