[0.148s] Invoking command in '/home/sivuiii/whoami/build/ugv_bringup': CMAKE_PREFIX_PATH=${CMAKE_PREFIX_PATH}:/opt/ros/jazzy /usr/bin/cmake /home/sivuiii/whoami/src/ugv_bringup -DCMAKE_INSTALL_PREFIX=/home/sivuiii/whoami/install/ugv_bringup
[1.551s] -- The C compiler identification is GNU 13.3.0
[6.956s] -- The CXX compiler identification is GNU 13.3.0
[12.104s] -- Detecting C compiler ABI info
[13.959s] -- Detecting C compiler ABI info - done
[13.998s] -- Check for working C compiler: /usr/bin/cc - skipped
[14.000s] -- Detecting C compile features
[14.001s] -- Detecting C compile features - done
[14.745s] -- Detecting CXX compiler ABI info
[17.056s] -- Detecting CXX compiler ABI info - done
[17.103s] -- Check for working CXX compiler: /usr/bin/c++ - skipped
[17.103s] -- Detecting CXX compile features
[17.107s] -- Detecting CXX compile features - done
[17.122s] -- Found ament_cmake: 2.5.6 (/opt/ros/jazzy/share/ament_cmake/cmake)
[17.670s] -- Found Python3: /usr/bin/python3 (found version "3.12.3") found components: Interpreter 
[18.001s] -- Found ament_lint_auto: 0.17.5 (/opt/ros/jazzy/share/ament_lint_auto/cmake)
[18.360s] -- Added test 'lint_cmake' to check CMake code style
[18.369s] -- Added test 'xmllint' to check XML markup files
[18.377s] -- Configuring done (18.1s)
[18.405s] -- Generating done (0.0s)
[18.414s] -- Build files have been written to: /home/sivuiii/whoami/build/ugv_bringup
[18.431s] Invoked command in '/home/sivuiii/whoami/build/ugv_bringup' returned '0': CMAKE_PREFIX_PATH=${CMAKE_PREFIX_PATH}:/opt/ros/jazzy /usr/bin/cmake /home/sivuiii/whoami/src/ugv_bringup -DCMAKE_INSTALL_PREFIX=/home/sivuiii/whoami/install/ugv_bringup
[18.434s] Invoking command in '/home/sivuiii/whoami/build/ugv_bringup': CMAKE_PREFIX_PATH=${CMAKE_PREFIX_PATH}:/opt/ros/jazzy /usr/bin/cmake --build /home/sivuiii/whoami/build/ugv_bringup -- -j16 -l16
[18.569s] Invoked command in '/home/sivuiii/whoami/build/ugv_bringup' returned '0': CMAKE_PREFIX_PATH=${CMAKE_PREFIX_PATH}:/opt/ros/jazzy /usr/bin/cmake --build /home/sivuiii/whoami/build/ugv_bringup -- -j16 -l16
[18.573s] Invoking command in '/home/sivuiii/whoami/build/ugv_bringup': CMAKE_PREFIX_PATH=${CMAKE_PREFIX_PATH}:/opt/ros/jazzy /usr/bin/cmake --install /home/sivuiii/whoami/build/ugv_bringup
[18.599s] -- Install configuration: ""
[18.608s] -- Installing: /home/sivuiii/whoami/install/ugv_bringup/share/ament_index/resource_index/package_run_dependencies/ugv_bringup
[18.611s] -- Installing: /home/sivuiii/whoami/install/ugv_bringup/share/ament_index/resource_index/parent_prefix_path/ugv_bringup
[18.616s] -- Installing: /home/sivuiii/whoami/install/ugv_bringup/share/ugv_bringup/environment/ament_prefix_path.sh
[18.617s] -- Installing: /home/sivuiii/whoami/install/ugv_bringup/share/ugv_bringup/environment/ament_prefix_path.dsv
[18.617s] -- Installing: /home/sivuiii/whoami/install/ugv_bringup/share/ugv_bringup/environment/path.sh
[18.618s] -- Installing: /home/sivuiii/whoami/install/ugv_bringup/share/ugv_bringup/environment/path.dsv
[18.619s] -- Installing: /home/sivuiii/whoami/install/ugv_bringup/share/ugv_bringup/local_setup.bash
[18.620s] -- Installing: /home/sivuiii/whoami/install/ugv_bringup/share/ugv_bringup/local_setup.sh
[18.621s] -- Installing: /home/sivuiii/whoami/install/ugv_bringup/share/ugv_bringup/local_setup.zsh
[18.622s] -- Installing: /home/sivuiii/whoami/install/ugv_bringup/share/ugv_bringup/local_setup.dsv
[18.622s] -- Installing: /home/sivuiii/whoami/install/ugv_bringup/share/ugv_bringup/package.dsv
[18.624s] -- Installing: /home/sivuiii/whoami/install/ugv_bringup/share/ament_index/resource_index/packages/ugv_bringup
[18.626s] -- Installing: /home/sivuiii/whoami/install/ugv_bringup/share/ugv_bringup/cmake/ugv_bringupConfig.cmake
[18.627s] -- Installing: /home/sivuiii/whoami/install/ugv_bringup/share/ugv_bringup/cmake/ugv_bringupConfig-version.cmake
[18.628s] -- Installing: /home/sivuiii/whoami/install/ugv_bringup/share/ugv_bringup/package.xml
[18.636s] Invoked command in '/home/sivuiii/whoami/build/ugv_bringup' returned '0': CMAKE_PREFIX_PATH=${CMAKE_PREFIX_PATH}:/opt/ros/jazzy /usr/bin/cmake --install /home/sivuiii/whoami/build/ugv_bringup
