[0.133s] Invoking command in '/home/sivuiii/whoami/build/ugv_navigation': CMAKE_PREFIX_PATH=${CMAKE_PREFIX_PATH}:/opt/ros/jazzy /usr/bin/cmake /home/sivuiii/whoami/src/ugv_navigation -DCMAKE_INSTALL_PREFIX=/home/sivuiii/whoami/install/ugv_navigation
[1.488s] -- The C compiler identification is GNU 13.3.0
[6.556s] -- The CXX compiler identification is GNU 13.3.0
[11.473s] -- Detecting C compiler ABI info
[13.204s] -- Detecting C compiler ABI info - done
[13.244s] -- Check for working C compiler: /usr/bin/cc - skipped
[13.246s] -- Detecting C compile features
[13.250s] -- Detecting C compile features - done
[13.864s] -- Detecting CXX compiler ABI info
[15.854s] -- Detecting CXX compiler ABI info - done
[15.903s] -- Check for working CXX compiler: /usr/bin/c++ - skipped
[15.904s] -- Detecting CXX compile features
[15.906s] -- Detecting CXX compile features - done
[15.915s] -- Found ament_cmake: 2.5.6 (/opt/ros/jazzy/share/ament_cmake/cmake)
[16.565s] -- Found Python3: /usr/bin/python3 (found version "3.12.3") found components: Interpreter 
[17.051s] -- Found ament_lint_auto: 0.17.5 (/opt/ros/jazzy/share/ament_lint_auto/cmake)
[17.496s] -- Added test 'lint_cmake' to check CMake code style
[17.510s] -- Added test 'xmllint' to check XML markup files
[17.514s] -- Configuring done (17.3s)
[17.554s] -- Generating done (0.0s)
[17.555s] -- Build files have been written to: /home/sivuiii/whoami/build/ugv_navigation
[17.638s] Invoked command in '/home/sivuiii/whoami/build/ugv_navigation' returned '0': CMAKE_PREFIX_PATH=${CMAKE_PREFIX_PATH}:/opt/ros/jazzy /usr/bin/cmake /home/sivuiii/whoami/src/ugv_navigation -DCMAKE_INSTALL_PREFIX=/home/sivuiii/whoami/install/ugv_navigation
[17.642s] Invoking command in '/home/sivuiii/whoami/build/ugv_navigation': CMAKE_PREFIX_PATH=${CMAKE_PREFIX_PATH}:/opt/ros/jazzy /usr/bin/cmake --build /home/sivuiii/whoami/build/ugv_navigation -- -j16 -l16
[17.780s] Invoked command in '/home/sivuiii/whoami/build/ugv_navigation' returned '0': CMAKE_PREFIX_PATH=${CMAKE_PREFIX_PATH}:/opt/ros/jazzy /usr/bin/cmake --build /home/sivuiii/whoami/build/ugv_navigation -- -j16 -l16
[17.784s] Invoking command in '/home/sivuiii/whoami/build/ugv_navigation': CMAKE_PREFIX_PATH=${CMAKE_PREFIX_PATH}:/opt/ros/jazzy /usr/bin/cmake --install /home/sivuiii/whoami/build/ugv_navigation
[17.808s] -- Install configuration: ""
[17.817s] -- Installing: /home/sivuiii/whoami/install/ugv_navigation/share/ament_index/resource_index/package_run_dependencies/ugv_navigation
[17.819s] -- Installing: /home/sivuiii/whoami/install/ugv_navigation/share/ament_index/resource_index/parent_prefix_path/ugv_navigation
[17.824s] -- Installing: /home/sivuiii/whoami/install/ugv_navigation/share/ugv_navigation/environment/ament_prefix_path.sh
[17.825s] -- Installing: /home/sivuiii/whoami/install/ugv_navigation/share/ugv_navigation/environment/ament_prefix_path.dsv
[17.826s] -- Installing: /home/sivuiii/whoami/install/ugv_navigation/share/ugv_navigation/environment/path.sh
[17.827s] -- Installing: /home/sivuiii/whoami/install/ugv_navigation/share/ugv_navigation/environment/path.dsv
[17.828s] -- Installing: /home/sivuiii/whoami/install/ugv_navigation/share/ugv_navigation/local_setup.bash
[17.829s] -- Installing: /home/sivuiii/whoami/install/ugv_navigation/share/ugv_navigation/local_setup.sh
[17.829s] -- Installing: /home/sivuiii/whoami/install/ugv_navigation/share/ugv_navigation/local_setup.zsh
[17.829s] -- Installing: /home/sivuiii/whoami/install/ugv_navigation/share/ugv_navigation/local_setup.dsv
[17.830s] -- Installing: /home/sivuiii/whoami/install/ugv_navigation/share/ugv_navigation/package.dsv
[17.832s] -- Installing: /home/sivuiii/whoami/install/ugv_navigation/share/ament_index/resource_index/packages/ugv_navigation
[17.835s] -- Installing: /home/sivuiii/whoami/install/ugv_navigation/share/ugv_navigation/cmake/ugv_navigationConfig.cmake
[17.835s] -- Installing: /home/sivuiii/whoami/install/ugv_navigation/share/ugv_navigation/cmake/ugv_navigationConfig-version.cmake
[17.836s] -- Installing: /home/sivuiii/whoami/install/ugv_navigation/share/ugv_navigation/package.xml
[17.843s] Invoked command in '/home/sivuiii/whoami/build/ugv_navigation' returned '0': CMAKE_PREFIX_PATH=${CMAKE_PREFIX_PATH}:/opt/ros/jazzy /usr/bin/cmake --install /home/sivuiii/whoami/build/ugv_navigation
